AREA .  .ABS.
	RADIX HEX
	BASE 0000
	SIZE 0000
	ATTRIB ABS OVR
	GLOBALS
		l__HEAP	0000
		l__BSEG	0000
		l_.  .ABS.	0000
		l__GSFINAL	0000
		l__ISEG	0000
		s_.  .ABS.	0000
		l__HOME	0000
		s__HEADER	0000
		l__XSEG	0000
		.init	0000
		l__OVERLAY	0000
		s__SFR	0000
		l__GSINITTAIL	0001
		l__DATA	0002
		l__GSINIT	000B
		l__BSS	008D
		l__HEADER	01EF
		s__CODE	0200
		l__LIT	1772
		l__CODE	1D56
		s__HOME	1F56
		s__LIT	1F56
		s__GSINIT	36C8
		s__GSINITTAIL	36D3
		s__GSFINAL	36D4
		.OAM	C000
		s__DATA	C0A0
		s__BSS	C0A2
		s__HEAP	C12F
		s__BSEG	C12F
		s__ISEG	C12F
		s__XSEG	C12F
		s__OVERLAY	C12F
		.STACK	E000
		.refresh_OAM	FF80
		l__SFR	10000
AREA _CODE
	RADIX HEX
	BASE 0200
	SIZE 1D56
	ATTRIB REL CON
	GLOBALS
		.set_mode	0200
		.remove_VBL	0210
		.remove_LCD	0216
		.remove_TIM	021C
		.remove_SIO	0222
		.remove_JOY	0228
		.add_VBL	022E
		.add_LCD	0234
		.add_TIM	023A
		.add_SIO	0240
		.add_JOY	0246
		.remove_int	024C
		.add_int	026C
		.wait_vbl_done	0288
		_wait_vbl_done	0288
		_display_off	0299
		.display_off	0299
		.serial_IO	02BA
		_mode	02E9
		_get_mode	02F2
		_enable_interrupts	02F7
		_disable_interrupts	02F9
		_reset	02FB
		.reset	02FB
		_set_interrupts	0301
		_remove_VBL	030C
		_remove_LCD	0317
		_remove_TIM	0322
		_remove_SIO	032D
		_remove_JOY	0338
		_add_VBL	0343
		_add_LCD	034E
		_add_TIM	0359
		_add_SIO	0364
		_add_JOY	036F
		_clock	037A
		__printTStates	0383
		_main	0384
		_set_bkg_palette	0498
		_set_sprite_palette	04C3
		_set_bkg_palette_entry	04EE
		_set_sprite_palette_entry	0516
		_cpu_slow	053E
		_cpu_fast	0559
		_cgb_compatibility	0560
		font_copy_uncompressed	05A9
		font_copy_compressed	05DF
		font_load	0634
		font_copy_current	067C
		font_set	06C4
		.put_char	06D1
		.out_char	06EA
		.del_char	06F1
		_putchar	074B
		_setchar	0752
		_font_load	075B
		_font_set	0769
		_font_init	0778
		_print_repeat	079A
		_gotoxy	07B1
		_cls	07BC
		.cls	07BC
		_posx	07D7
		_posy	07E8
		.cr_curs	0810
		.adv_curs	0825
		.tmode	0881
		.tmode_out	08AA
		.set_sprite_prop	08BA
		_set_sprite_prop	08C7
		_scroll_bkg	08D2
		_move_win	08E8
		.gmode	08F1
		.vbl	0953
		.lcd	095E
		.draw_image	096B
		.switch_data	0975
		.adv_gcurs	09AC
		.circle	09C9
		.horlin	0A6C
		.verlin	0AA4
		.circplot	0B00
		.box	0B7E
		.line	0C54
		.xonly	0D75
		.yonly	0EC4
		.plot	0EE5
		.wrbyte	0F02
		.getpix	0F84
		.wrtchr	0FB9
		_gotogxy	101D
		_wrtchr	1028
		_getpix	103D
		_color	1049
		_circle	1058
		_box	1072
		_line	1096
		_plot_point	10AE
		_plot	10C2
		_switch_data	10DE
		_draw_image	10F9
		.padup	110C
		_waitpadup	110C
		.jpad	111C
		.wait_pad	1149
		_joypad	1150
		_waitpad	1155
		.mv_sprite	115F
		_move_sprite	116E
		_get_win_tiles	117B
		_gprintln	118F
		_get_win_data	121D
		_get_bkg_data	121D
		_get_sprite_data	126A
		_set_win_data	129A
		_set_bkg_data	129A
		_set_sprite_data	12E7
		.tmode_inout	1316
		_getchar	15CC
		_gets	15DD
		_send_byte	15F4
		_receive_byte	1607
		.copy_vram	1618
		_get_data	1627
		_set_data	1627
		_set_win_tiles	163A
		_gprintf	164E
		_scroll_win	17C1
		.get_xy_wtt	17D7
		.get_xy_btt	17E9
		.get_xy_tt	17F8
		_get_tiles	1829
		_gprintn	1842
		.get_sprite_tile	18BC
		_get_sprite_tile	18C9
		.scroll_sprite	18E3
		_scroll_sprite	18F4
		_printf	1B3F
		_sprintf	1BAC
		_move_bkg	1C04
		.set_xy_wtt	1C0D
		.set_xy_btt	1C1E
		.set_xy_tt	1C2D
		_set_tiles	1C5E
		_puts	1C77
		.set_sprite_tile	1CAD
		_set_sprite_tile	1CBA
		.delay	1CC5
		_delay	1CFF
		_get_bkg_tiles	1D08
		_gprint	1D1C
		.get_sprite_prop	1D49
		_get_sprite_prop	1D56
		.init_vram	1D5F
		.init_wtt	1D6D
		.init_btt	1D7D
		.init_tt	1D8B
		.sgb_check	1D91
		_sgb_check	1D91
		.sgb_transfer	1DDE
		.hiramcpy	1E3F
		_hiramcpy	1E46
		__divschar	1E56
		__modschar	1E62
		__divsint	1E6D
		__modsint	1E7E
		__divuchar	1E8D
		__moduchar	1E99
		__divuint	1EA4
		__moduint	1EB5
		.mod8	1EC4
		.div8	1EC4
		.mod16	1ECC
		.div16	1ECC
		.modu8	1F02
		.divu8	1F02
		.modu16	1F05
		.divu16	1F05
		_set_bkg_tiles	1F42
AREA _HEADER
	RADIX HEX
	BASE 0000
	SIZE 01EF
	ATTRIB ABS OVR
	GLOBALS
		_exit	01D1
AREA _HOME
	RADIX HEX
	BASE 1F56
	SIZE 0000
	ATTRIB REL CON
AREA _LIT
	RADIX HEX
	BASE 1F56
	SIZE 1772
	ATTRIB REL CON
	GLOBALS
		.y_table	1F56
		_font_spect	21AE
		_font_ibm_fixed	2530
		_font_ibm_fixed_tiles	2632
		_font_italic	2E32
		_font_ibm	319C
		_font_min	351E
AREA _GSINIT
	RADIX HEX
	BASE 36C8
	SIZE 000B
	ATTRIB REL CON
	GLOBALS
		gsinit	36C8
AREA _GSINITTAIL
	RADIX HEX
	BASE 36D3
	SIZE 0001
	ATTRIB REL CON
AREA _GSFINAL
	RADIX HEX
	BASE 36D4
	SIZE 0000
	ATTRIB REL CON
AREA _DATA
	RADIX HEX
	BASE C0A0
	SIZE 0002
	ATTRIB REL CON
	GLOBALS
		_digits	C0A0
AREA _BSS
	RADIX HEX
	BASE C0A2
	SIZE 008D
	ATTRIB REL CON
	GLOBALS
		__cpu	C0A2
		.mode	C0A3
		__io_out	C0A4
		__io_in	C0A5
		__io_status	C0A6
		.vbl_done	C0A7
		_sys_time	C0A8
		.sys_time	C0A8
		.int_0x40	C0AA
		.int_0x48	C0BA
		.int_0x50	C0CA
		.int_0x58	C0DA
		.int_0x60	C0EA
		font_current	C0FA
		font_first_free_tile	C0FD
		font_table	C0FE
		.curx	C110
		.cury	C111
		.fg_colour	C112
		.bg_colour	C113
AREA _HEAP
	RADIX HEX
	BASE C12F
	SIZE 0000
	ATTRIB REL CON
	GLOBALS
		_malloc_heap_start	C12F
AREA _OVERLAY
	RADIX HEX
	BASE C12F
	SIZE 0000
	ATTRIB REL CON
AREA _ISEG
	RADIX HEX
	BASE C12F
	SIZE 0000
	ATTRIB REL CON
AREA _BSEG
	RADIX HEX
	BASE C12F
	SIZE 0000
	ATTRIB REL CON
AREA _XSEG
	RADIX HEX
	BASE C12F
	SIZE 0000
	ATTRIB REL CON
AREA _SFR
	RADIX HEX
	BASE 0000
	SIZE 10000
	ATTRIB ABS OVR
	GLOBALS
		_P1_REG	FF00
		_SB_REG	FF01
		_SC_REG	FF02
		_DIV_REG	FF04
		_TIMA_REG	FF05
		_TMA_REG	FF06
		_TAC_REG	FF07
		_IF_REG	FF0F
		_NR10_REG	FF10
		_NR11_REG	FF11
		_NR12_REG	FF12
		_NR13_REG	FF13
		_NR14_REG	FF14
		_NR21_REG	FF16
		_NR22_REG	FF17
		_NR23_REG	FF18
		_NR24_REG	FF19
		_NR30_REG	FF1A
		_NR31_REG	FF1B
		_NR32_REG	FF1C
		_NR33_REG	FF1D
		_NR34_REG	FF1E
		_NR41_REG	FF20
		_NR42_REG	FF21
		_NR43_REG	FF22
		_NR44_REG	FF23
		_NR50_REG	FF24
		_NR51_REG	FF25
		_NR52_REG	FF26
		_LCDC_REG	FF40
		_STAT_REG	FF41
		_SCY_REG	FF42
		_SCX_REG	FF43
		_LY_REG	FF44
		_LYC_REG	FF45
		_DMA_REG	FF46
		_BGP_REG	FF47
		_OBP0_REG	FF48
		_OBP1_REG	FF49
		_WY_REG	FF4A
		_WX_REG	FF4B
		_KEY1_REG	FF4D
		_VBK_REG	FF4F
		_HDMA1_REG	FF51
		_HDMA2_REG	FF52
		_HDMA3_REG	FF53
		_HDMA4_REG	FF54
		_HDMA5_REG	FF55
		_RP_REG	FF56
		_BCPS_REG	FF68
		_BCPD_REG	FF69
		_OCPS_REG	FF6A
		_OCPD_REG	FF6B
		_SVBK_REG	FF70
		_IE_REG	FFFF
MODULES
	FILE C:\repo\gb\gbdk\lib/gb/crt0.o
		NAME Runtime
	FILE fonts.o
		NAME lcc9960
LIBRARIES
	LIBRARY C:\repo\gb\gbdk\lib/gb/gb.lib
		MODULE cgb.o
	LIBRARY C:\repo\gb\gbdk\lib/gb/gb.lib
		MODULE sfr.o
	LIBRARY C:\repo\gb\gbdk\lib/gb/gb.lib
		MODULE font.o
	LIBRARY C:\repo\gb\gbdk\lib/gb/gb.lib
		MODULE set_prop.o
	LIBRARY C:\repo\gb\gbdk\lib/gb/gb.lib
		MODULE scroll_b.o
	LIBRARY C:\repo\gb\gbdk\lib/gb/gb.lib
		MODULE mv_win.o
	LIBRARY C:\repo\gb\gbdk\lib/gb/gb.lib
		MODULE drawing.o
	LIBRARY C:\repo\gb\gbdk\lib/gb/gb.lib
		MODULE pad.o
	LIBRARY C:\repo\gb\gbdk\lib/gb/gb.lib
		MODULE mv_spr.o
	LIBRARY C:\repo\gb\gbdk\lib/gb/gb.lib
		MODULE get_wi_t.o
	LIBRARY C:\repo\gb\gbdk\lib/gb/gb.lib
		MODULE gprintln.o
	LIBRARY C:\repo\gb\gbdk\lib/gb/gb.lib
		MODULE get_data.o
	LIBRARY C:\repo\gb\gbdk\lib/gb/gb.lib
		MODULE set_data.o
	LIBRARY C:\repo\gb\gbdk\lib/gb/gb.lib
		MODULE input.o
	LIBRARY C:\repo\gb\gbdk\lib/gb/gb.lib
		MODULE f_spect.o
	LIBRARY C:\repo\gb\gbdk\lib/gb/gb.lib
		MODULE serial.o
	LIBRARY C:\repo\gb\gbdk\lib/gb/gb.lib
		MODULE cpy_data.o
	LIBRARY C:\repo\gb\gbdk\lib/gb/gb.lib
		MODULE set_wi_t.o
	LIBRARY C:\repo\gb\gbdk\lib/gb/gb.lib
		MODULE gprintf.o
	LIBRARY C:\repo\gb\gbdk\lib/gb/gb.lib
		MODULE scroll_w.o
	LIBRARY C:\repo\gb\gbdk\lib/gb/gb.lib
		MODULE ibmfixed.o
	LIBRARY C:\repo\gb\gbdk\lib/gb/gb.lib
		MODULE get_xy_t.o
	LIBRARY C:\repo\gb\gbdk\lib/gb/gb.lib
		MODULE gprintn.o
	LIBRARY C:\repo\gb\gbdk\lib/gb/gb.lib
		MODULE get_spr.o
	LIBRARY C:\repo\gb\gbdk\lib/gb/gb.lib
		MODULE digits.o
	LIBRARY C:\repo\gb\gbdk\lib/gb/gb.lib
		MODULE scroll_s.o
	LIBRARY C:\repo\gb\gbdk\lib/gbz80/gbz80.lib
		MODULE printf.o
	LIBRARY C:\repo\gb\gbdk\lib/gb/gb.lib
		MODULE mv_bkg.o
	LIBRARY C:\repo\gb\gbdk\lib/gb/gb.lib
		MODULE set_xy_t.o
	LIBRARY C:\repo\gb\gbdk\lib/gbz80/gbz80.lib
		MODULE puts.o
	LIBRARY C:\repo\gb\gbdk\lib/gb/gb.lib
		MODULE f_italic.o
	LIBRARY C:\repo\gb\gbdk\lib/gb/gb.lib
		MODULE f_ibm_sh.o
	LIBRARY C:\repo\gb\gbdk\lib/gb/gb.lib
		MODULE set_spr.o
	LIBRARY C:\repo\gb\gbdk\lib/gb/gb.lib
		MODULE delay.o
	LIBRARY C:\repo\gb\gbdk\lib/gb/gb.lib
		MODULE get_bk_t.o
	LIBRARY C:\repo\gb\gbdk\lib/gb/gb.lib
		MODULE gprint.o
	LIBRARY C:\repo\gb\gbdk\lib/gb/gb.lib
		MODULE get_prop.o
	LIBRARY C:\repo\gb\gbdk\lib/gb/gb.lib
		MODULE init_tt.o
	LIBRARY C:\repo\gb\gbdk\lib/gb/gb.lib
		MODULE sgb.o
	LIBRARY C:\repo\gb\gbdk\lib/gb/gb.lib
		MODULE f_min.o
	LIBRARY C:\repo\gb\gbdk\lib/gb/gb.lib
		MODULE hiramcpy.o
	LIBRARY C:\repo\gb\gbdk\lib/gbz80/gbz80.lib
		MODULE div.o
	LIBRARY C:\repo\gb\gbdk\lib/gb/gb.lib
		MODULE set_bk_t.o
USERBASEDEF
	_CODE=0x0200
	_DATA=0xC0A0
	_CODE_1=0x4000
USERGLOBALDEF
	.OAM=0xC000
	.STACK=0xE000
	.refresh_OAM=0xFF80
	.init=0x0000
