AREA .  .ABS.
	RADIX HEX
	BASE 0000
	SIZE 0000
	ATTRIB ABS OVR
	GLOBALS
		l__HEAP	0000
		l__BSEG	0000
		l_.  .ABS.	0000
		l__GSFINAL	0000
		l__ISEG	0000
		s_.  .ABS.	0000
		l__HOME	0000
		s__HEADER	0000
		l__XSEG	0000
		.init	0000
		l__OVERLAY	0000
		l__LIT	0000
		s__SFR	0000
		l__GSINITTAIL	0001
		l__DATA	004F
		l__BSS	0058
		l__GSINIT	010F
		l__HEADER	01E1
		s__CODE	0200
		l__CODE	19D4
		s__HOME	1BD4
		s__LIT	1BD4
		s__GSINIT	1BD4
		s__GSINITTAIL	1CE3
		s__GSFINAL	1CE4
		.OAM	C000
		s__DATA	C0A0
		s__BSS	C0EF
		s__HEAP	C147
		s__BSEG	C147
		s__ISEG	C147
		s__XSEG	C147
		s__OVERLAY	C147
		.STACK	E000
		.refresh_OAM	FF80
		l__SFR	10000
AREA _CODE
	RADIX HEX
	BASE 0200
	SIZE 19D4
	ATTRIB REL CON
	GLOBALS
		.set_mode	0200
		.remove_VBL	0210
		.remove_LCD	0216
		.remove_TIM	021C
		.remove_SIO	0222
		.remove_JOY	0228
		.add_VBL	022E
		.add_LCD	0234
		.add_TIM	023A
		.add_SIO	0240
		.add_JOY	0246
		.remove_int	024C
		.add_int	026C
		.wait_vbl_done	0288
		_wait_vbl_done	0288
		_display_off	0299
		.display_off	0299
		.serial_IO	02BA
		_mode	02E9
		_get_mode	02F2
		_enable_interrupts	02F7
		_disable_interrupts	02F9
		_reset	02FB
		.reset	02FB
		_set_interrupts	0301
		_remove_VBL	030C
		_remove_LCD	0317
		_remove_TIM	0322
		_remove_SIO	032D
		_remove_JOY	0338
		_add_VBL	0343
		_add_LCD	034E
		_add_TIM	0359
		_add_SIO	0364
		_add_JOY	036F
		_clock	037A
		__printTStates	0383
		_fade	0384
		_scroll	0401
		_door	05E0
		_animate_sprite	067D
		_tile_sprite	06A8
		_place_sprite	06E0
		_main	0743
		_std_data	0C46
		_earth_data	0C86
		_frame_data	0E46
		_bkg_data	1056
		_bkg_tiles	1326
		_earth_tiles	1366
		_frame_tiles	1374
		_door1_tiles	1414
		_door2_tiles	14A4
		_door3_tiles	1528
		_door4_tiles	15AC
		_set_bkg_palette	1630
		_set_sprite_palette	165B
		_set_bkg_palette_entry	1686
		_set_sprite_palette_entry	16AE
		_cpu_slow	16D6
		_cpu_fast	16F1
		_cgb_compatibility	16F8
		.set_sprite_prop	1741
		_set_sprite_prop	174E
		_scroll_bkg	1759
		_move_win	176F
		.padup	1778
		_waitpadup	1778
		.jpad	1788
		.wait_pad	17B5
		_joypad	17BC
		_waitpad	17C1
		.mv_sprite	17CB
		_move_sprite	17DA
		_get_win_tiles	17E7
		_get_win_data	17FB
		_get_bkg_data	17FB
		_get_sprite_data	1848
		_set_win_data	1878
		_set_bkg_data	1878
		_set_sprite_data	18C5
		_send_byte	18F4
		_receive_byte	1907
		.copy_vram	1918
		_get_data	1927
		_set_data	1927
		_set_win_tiles	193A
		_scroll_win	194E
		.get_xy_wtt	1964
		.get_xy_btt	1976
		.get_xy_tt	1985
		_get_tiles	19B6
		.get_sprite_tile	19CF
		_get_sprite_tile	19DC
		.scroll_sprite	19E5
		_scroll_sprite	19F6
		_move_bkg	1A03
		.set_xy_wtt	1A0C
		.set_xy_btt	1A1D
		.set_xy_tt	1A2C
		_set_tiles	1A5D
		.set_sprite_tile	1A76
		_set_sprite_tile	1A83
		.delay	1A8E
		_delay	1AC8
		_get_bkg_tiles	1AD1
		.get_sprite_prop	1AE5
		_get_sprite_prop	1AF2
		.sgb_check	1AFB
		_sgb_check	1AFB
		.sgb_transfer	1B48
		.hiramcpy	1BA9
		_hiramcpy	1BB0
		_set_bkg_tiles	1BC0
AREA _HEADER
	RADIX HEX
	BASE 0000
	SIZE 01E1
	ATTRIB ABS OVR
	GLOBALS
		_exit	01D1
AREA _HOME
	RADIX HEX
	BASE 1BD4
	SIZE 0000
	ATTRIB REL CON
AREA _LIT
	RADIX HEX
	BASE 1BD4
	SIZE 0000
	ATTRIB REL CON
AREA _GSINIT
	RADIX HEX
	BASE 1BD4
	SIZE 010F
	ATTRIB REL CON
	GLOBALS
		gsinit	1BD4
AREA _GSINITTAIL
	RADIX HEX
	BASE 1CE3
	SIZE 0001
	ATTRIB REL CON
AREA _GSFINAL
	RADIX HEX
	BASE 1CE4
	SIZE 0000
	ATTRIB REL CON
AREA _DATA
	RADIX HEX
	BASE C0A0
	SIZE 004F
	ATTRIB REL CON
	GLOBALS
		_film	C0A0
		_time	C0D2
		_doorstate	C0D3
		_doorpos	C0D4
		_color	C0D5
		_sframe	C0D6
		_bposx	C0D7
		_bposy	C0D9
		_bspx	C0DB
		_bspy	C0DD
		_wposx	C0DF
		_wposy	C0E1
		_wspx	C0E3
		_wspy	C0E5
		_sposx	C0E7
		_sposy	C0E9
		_sspx	C0EB
		_sspy	C0ED
AREA _BSS
	RADIX HEX
	BASE C0EF
	SIZE 0058
	ATTRIB REL CON
	GLOBALS
		__cpu	C0EF
		.mode	C0F0
		__io_out	C0F1
		__io_in	C0F2
		__io_status	C0F3
		.vbl_done	C0F4
		_sys_time	C0F5
		.sys_time	C0F5
		.int_0x40	C0F7
		.int_0x48	C107
		.int_0x50	C117
		.int_0x58	C127
		.int_0x60	C137
AREA _HEAP
	RADIX HEX
	BASE C147
	SIZE 0000
	ATTRIB REL CON
	GLOBALS
		_malloc_heap_start	C147
AREA _OVERLAY
	RADIX HEX
	BASE C147
	SIZE 0000
	ATTRIB REL CON
AREA _ISEG
	RADIX HEX
	BASE C147
	SIZE 0000
	ATTRIB REL CON
AREA _BSEG
	RADIX HEX
	BASE C147
	SIZE 0000
	ATTRIB REL CON
AREA _XSEG
	RADIX HEX
	BASE C147
	SIZE 0000
	ATTRIB REL CON
AREA _SFR
	RADIX HEX
	BASE 0000
	SIZE 10000
	ATTRIB ABS OVR
	GLOBALS
		_P1_REG	FF00
		_SB_REG	FF01
		_SC_REG	FF02
		_DIV_REG	FF04
		_TIMA_REG	FF05
		_TMA_REG	FF06
		_TAC_REG	FF07
		_IF_REG	FF0F
		_NR10_REG	FF10
		_NR11_REG	FF11
		_NR12_REG	FF12
		_NR13_REG	FF13
		_NR14_REG	FF14
		_NR21_REG	FF16
		_NR22_REG	FF17
		_NR23_REG	FF18
		_NR24_REG	FF19
		_NR30_REG	FF1A
		_NR31_REG	FF1B
		_NR32_REG	FF1C
		_NR33_REG	FF1D
		_NR34_REG	FF1E
		_NR41_REG	FF20
		_NR42_REG	FF21
		_NR43_REG	FF22
		_NR44_REG	FF23
		_NR50_REG	FF24
		_NR51_REG	FF25
		_NR52_REG	FF26
		_LCDC_REG	FF40
		_STAT_REG	FF41
		_SCY_REG	FF42
		_SCX_REG	FF43
		_LY_REG	FF44
		_LYC_REG	FF45
		_DMA_REG	FF46
		_BGP_REG	FF47
		_OBP0_REG	FF48
		_OBP1_REG	FF49
		_WY_REG	FF4A
		_WX_REG	FF4B
		_KEY1_REG	FF4D
		_VBK_REG	FF4F
		_HDMA1_REG	FF51
		_HDMA2_REG	FF52
		_HDMA3_REG	FF53
		_HDMA4_REG	FF54
		_HDMA5_REG	FF55
		_RP_REG	FF56
		_BCPS_REG	FF68
		_BCPD_REG	FF69
		_OCPS_REG	FF6A
		_OCPD_REG	FF6B
		_SVBK_REG	FF70
		_IE_REG	FFFF
MODULES
	FILE C:\repo\gb\gbdk\lib/gb/crt0.o
		NAME Runtime
	FILE galaxy.o
		NAME lcc19480
LIBRARIES
	LIBRARY C:\repo\gb\gbdk\lib/gb/gb.lib
		MODULE cgb.o
	LIBRARY C:\repo\gb\gbdk\lib/gb/gb.lib
		MODULE sfr.o
	LIBRARY C:\repo\gb\gbdk\lib/gb/gb.lib
		MODULE set_prop.o
	LIBRARY C:\repo\gb\gbdk\lib/gb/gb.lib
		MODULE scroll_b.o
	LIBRARY C:\repo\gb\gbdk\lib/gb/gb.lib
		MODULE mv_win.o
	LIBRARY C:\repo\gb\gbdk\lib/gb/gb.lib
		MODULE pad.o
	LIBRARY C:\repo\gb\gbdk\lib/gb/gb.lib
		MODULE mv_spr.o
	LIBRARY C:\repo\gb\gbdk\lib/gb/gb.lib
		MODULE get_wi_t.o
	LIBRARY C:\repo\gb\gbdk\lib/gb/gb.lib
		MODULE get_data.o
	LIBRARY C:\repo\gb\gbdk\lib/gb/gb.lib
		MODULE set_data.o
	LIBRARY C:\repo\gb\gbdk\lib/gb/gb.lib
		MODULE serial.o
	LIBRARY C:\repo\gb\gbdk\lib/gb/gb.lib
		MODULE cpy_data.o
	LIBRARY C:\repo\gb\gbdk\lib/gb/gb.lib
		MODULE set_wi_t.o
	LIBRARY C:\repo\gb\gbdk\lib/gb/gb.lib
		MODULE scroll_w.o
	LIBRARY C:\repo\gb\gbdk\lib/gb/gb.lib
		MODULE get_xy_t.o
	LIBRARY C:\repo\gb\gbdk\lib/gb/gb.lib
		MODULE get_spr.o
	LIBRARY C:\repo\gb\gbdk\lib/gb/gb.lib
		MODULE scroll_s.o
	LIBRARY C:\repo\gb\gbdk\lib/gb/gb.lib
		MODULE mv_bkg.o
	LIBRARY C:\repo\gb\gbdk\lib/gb/gb.lib
		MODULE set_xy_t.o
	LIBRARY C:\repo\gb\gbdk\lib/gb/gb.lib
		MODULE set_spr.o
	LIBRARY C:\repo\gb\gbdk\lib/gb/gb.lib
		MODULE delay.o
	LIBRARY C:\repo\gb\gbdk\lib/gb/gb.lib
		MODULE get_bk_t.o
	LIBRARY C:\repo\gb\gbdk\lib/gb/gb.lib
		MODULE get_prop.o
	LIBRARY C:\repo\gb\gbdk\lib/gb/gb.lib
		MODULE sgb.o
	LIBRARY C:\repo\gb\gbdk\lib/gb/gb.lib
		MODULE hiramcpy.o
	LIBRARY C:\repo\gb\gbdk\lib/gb/gb.lib
		MODULE set_bk_t.o
USERBASEDEF
	_CODE=0x0200
	_DATA=0xC0A0
	_CODE_1=0x4000
USERGLOBALDEF
	.OAM=0xC000
	.STACK=0xE000
	.refresh_OAM=0xFF80
	.init=0x0000
