AREA .  .ABS.
	RADIX HEX
	BASE 0000
	SIZE 0000
	ATTRIB ABS OVR
	GLOBALS
		l__HEAP	0000
		l__BSEG	0000
		l_.  .ABS.	0000
		l__GSFINAL	0000
		_serialBufferPosition	0000
		l__ISEG	0000
		s_.  .ABS.	0000
		l__HOME	0000
		_serialBuffer	0000
		s__HEADER	0000
		l__XSEG	0000
		.init	0000
		_asmUpdateSerial	0000
		_serialBufferReadPosition	0000
		l__OVERLAY	0000
		l__LIT	0000
		s__SFR	0000
		l__GSINITTAIL	0001
		l__BSS	005B
		l__HEADER	01E1
		s__CODE	0200
		l__DATA_0	0201
		l__DATA	0209
		l__GSINIT	0811
		l__CODE	477F
		s__HOME	497F
		s__LIT	497F
		s__GSINIT	497F
		s__GSINITTAIL	5190
		s__GSFINAL	5191
		s__DATA_0	A000
		.OAM	C000
		s__DATA	C0A0
		s__BSS	C2A9
		s__HEAP	C304
		s__BSEG	C304
		s__ISEG	C304
		s__XSEG	C304
		s__OVERLAY	C304
		.STACK	E000
		.refresh_OAM	FF80
		l__SFR	10000
AREA _CODE
	RADIX HEX
	BASE 0200
	SIZE 477F
	ATTRIB REL CON
	GLOBALS
		.set_mode	0200
		.remove_VBL	0210
		.remove_LCD	0216
		.remove_TIM	021C
		.remove_SIO	0222
		.remove_JOY	0228
		.add_VBL	022E
		.add_LCD	0234
		.add_TIM	023A
		.add_SIO	0240
		.add_JOY	0246
		.remove_int	024C
		.add_int	026C
		.wait_vbl_done	0288
		_wait_vbl_done	0288
		_display_off	0299
		.display_off	0299
		.serial_IO	02BA
		_mode	02E9
		_get_mode	02F2
		_enable_interrupts	02F7
		_disable_interrupts	02F9
		_reset	02FB
		.reset	02FB
		_set_interrupts	0301
		_remove_VBL	030C
		_remove_LCD	0317
		_remove_TIM	0322
		_remove_SIO	032D
		_remove_JOY	0338
		_add_VBL	0343
		_add_LCD	034E
		_add_TIM	0359
		_add_SIO	0364
		_add_JOY	036F
		_clock	037A
		__printTStates	0383
		_printbyte	0384
		_setPitchBendFrequencyOffset	0401
		_setPitchBendFrequencyOffsetNoisuμ	05F8
		_addPortamento	0687
		_addVibrato	081E
		_updateVibratoPosition	08DB
		_setOutputSwitch	09A1
		_setOutputPanBySynth	09BC
		_setOutputPan	0A55
		_updateValueSynth	0AF5
		_updateSynth	0E66
		_updateSynths	0F23
		_printversion	103C
		_printhelp	1058
		_updateDisplayValue	10BA
		_updateDisplaySynth	157C
		_updateDisplay	1600
		_setCursor	16F5
		_hideCursor	1901
		_showCursor	1941
		_setPlayMarker	1947
		_cls2	1A9C
		_showSampleScreen	1AF1
		_showMainScreen	1AFF
		_showSplashScreen	1C00
		_toggleScreen	1C22
		_displaySetup	1C46
		_saveDataSet	1DF3
		_loadDataSet	1F8B
		_snapRecall	2166
		_checkMemory	2250
		_clearParameterLocks	24E2
		_setDataValue	2507
		_getPad	27B9
		_setSoundDefaults	2A4E
		_noOp	2AA4
		_glideTo	2AA7
		_testSynths	2C67
		_main	2C7A
		_wavData	2CEF
		_data_barrow	2DEF
		_data_larrow	2DFF
		_data_font	2E0F
		_versionnumber	33CF
		_helpdata	33DF
		_helpmap	3493
		_logo	34B7
		_bgpalette	34C7
		_spritepalette	34CF
		_SCREEN_XO	34DF
		_SCREEN_YO	34E0
		_SCREEN_XSPACE	34E1
		_SCREEN_YSPACE	34E2
		_SCREEN_PSTARTX	34E3
		_SCREEN_PSTARTY	34E4
		_synthAddress	34E5
		_tableCursorLookup	34ED
		_tableData	3511
		_octmap	3565
		_panmap	3571
		_susmap	3579
		_markerMapTiles	357D
		_asmMain	358D
		_asmMainScreen	35CC
		_asmLoadWav	35E4
		_asmUpdatePu1	3643
		_asmUpdatePu1Noff$	365E
		_asmUpdatePu1PbWheel$	3666
		_asmUpdatePu1PbWheelSet$	3674
		_asmUpdatePu1PbWheelReset$	3685
		_asmUpdatePu2	36AB
		_asmUpdatePu2Noff$	36C6
		_asmUpdatePu2PbWheel$	36CE
		_asmUpdatePu2PbWheelSet$	36DC
		_asmUpdatePu2PbWheelReset$	36ED
		_asmUpdateWav	3713
		_asmUpdateWavNoff$	3738
		_asmUpdateWavData$	3740
		_asmUpdateWavPbWheel$	3750
		_asmUpdateWavPbWheelSet$	375E
		_asmUpdateWavPbWheelReset$	376F
		_asmUpdateNoi	37A2
		_asmUpdateNoiPbWheel$	37B5
		_asmUpdateNoiPbWheelSet$	37C3
		_asmUpdateNoiPbWheelReset$	37CF
		_asmPlayNotePu1	37F3
		_asmPlayNotePu1OnSet$	380A
		_asmPlayNotePu1OnSetOn$	3814
		_asmPlayNotePu1OnSetOff$	382B
		_asmPlayNotePu1On$	3844
		_asmPlayNotePu1Off$	388A
		_asmPlayNoteOffPu1Return$	38A7
		_asmPlayNotePu2$	38A9
		_asmPlayNotePu2OnSet$	38BF
		_asmPlayNotePu2OnSetOn$	38C8
		_asmPlayNotePu2OnSetOff$	38DF
		_asmPlayNotePu2On$	38F8
		_asmPlayNotePu2Off$	393E
		_asmPlayNoteWav$	395D
		_asmPlayNoteWavOn$	3976
		_asmPlayNoteWavVolF$	398D
		_asmPlayNoteWavVolM$	3996
		_asmPlayNoteWavSet$	399F
		_asmPlayNoteWavOff$	39FF
		_asmPlayNoteNoi$	3A1E
		_asmPlayNoteNoiOn$	3A36
		_asmPlayNoteNoiOff$	3A72
		_asmPlayNotePoly$	3A90
		_asmPlayNotePolyOff$	3AA2
		_asmPlayNotePolyPu1Off$	3AC6
		_asmPlayNotePolyPu2Off$	3ACB
		_asmPlayNotePolyWavOff$	3AD0
		_asmPlayNotePolyOn$	3AD5
		_asmPlayNotePolyRst$	3AE2
		_asmPlayNotePolyCon$	3AE8
		_asmPlayNotePolyPu1$	3AFA
		_asmPlayNotePolyPu2$	3B03
		_asmGlideTo	3B0C
		_asmUpdateMidiBuffer	3B1B
		_popReturn$	3B68
		_asmUpdateMidiBufferStatus$	3B6A
		_asmUpdateMidiBufferAddress$	3B82
		_asmEventMidiNoteOff$	3B8F
		_asmEventMidiNote$	3B98
		_asmEventMidiCC$	3BB6
		_asmEventMidiPB$	3BD4
		_asmEventMidiPC$	3BF2
		_asmPu1MidiPb$	3C10
		_asmPu2MidiPb$	3C26
		_asmWavMidiPb$	3C3C
		_asmNoiMidiPb$	3C52
		_asmPolyMidiPb$	3C68
		_asmEventMidiCCPu1$	3C86
		_asmPu1Wav$	3CCA
		_asmPu1Env$	3CEB
		_asmPu1Swp$	3D07
		_asmPu1Pbr$	3D1D
		_asmPu1Lod$	3D2B
		_asmPu1Pan$	3D47
		_asmPu1PanLeft$	3D66
		_asmPu1PanCenter$	3D79
		_asmPu1PanRight$	3D8C
		_asmPu1VD$	3D9F
		_asmPu1VR$	3DA9
		_asmPu1Vid$	3DB3
		_asmPu1Vis$	3DBD
		_asmPu1Por$	3DC7
		_asmPu1PorOn$	3DD0
		_asmPu1PorOff$	3DD8
		_asmPu1Sus$	3DE0
		_asmPu1SusOn$	3DEA
		_asmPu1SusOff$	3DF6
		_asmPu1SusNoteOff$	3E0A
		_asmPu1Nf$	3E11
		_asmEventMidiCCPu2$	3E20
		_asmPu2Wav$	3E5B
		_asmPu2Env$	3E7C
		_asmPu2Pbr$	3E98
		_asmPu2Lod$	3EA6
		_asmPu2Pan$	3EC2
		_asmPu2PanLeft$	3EE1
		_asmPu2PanCenter$	3EF4
		_asmPu2PanRight$	3F07
		_asmPu2VD$	3F1A
		_asmPu2VR$	3F24
		_asmPu2Vid$	3F2E
		_asmPu2Vis$	3F38
		_asmPu2Sus$	3F42
		_asmPu2SusOn$	3F4C
		_asmPu2SusOff$	3F58
		_asmPu2SusNoteOff$	3F6C
		_asmPu2Nf$	3F73
		_asmEventMidiCCWav$	3F82
		_asmWavWav$	3FC1
		_asmWavOst$	3FE3
		_asmWavSwp$	4006
		_asmWavPbr$	4022
		_asmWavLod$	4030
		_asmWavPan$	404C
		_asmWavPanLeft$	406B
		_asmWavPanCenter$	407E
		_asmWavPanRight$	4091
		_asmWavVD$	40A4
		_asmWavVR$	40AE
		_asmWavVid$	40B8
		_asmWavVis$	40C2
		_asmWavSus$	40CC
		_asmWavSusOn$	40D6
		_asmWavSusOff$	40E2
		_asmWavSusNoteOff$	40F6
		_asmWavNf$	40FD
		_asmEventMidiCCNoi$	410C
		_asmNoiEnv$	413D
		_asmNoiLod$	4159
		_asmNoiPan$	4175
		_asmNoiPanLeft$	4194
		_asmNoiPanCenter$	41A7
		_asmNoiPanRight$	41BA
		_asmNoiVD$	41CD
		_asmNoiVR$	41D7
		_asmNoiVid$	41E1
		_asmNoiVis$	41EB
		_asmNoiSus$	41F5
		_asmNoiSusOn$	41FF
		_asmNoiSusOff$	420B
		_asmNoiSusNoteOff$	421F
		_asmNoiNf$	4226
		_asmEventMidiCCPoly$	4235
		_asmPolyWav$	425D
		_asmPolyEnv$	4269
		_asmPolyLod$	4271
		_asmPolyPan$	427D
		_asmPolyVid$	4289
		_asmPolyVis$	4295
		_asmPolySus$	42A1
		_asmPolyNf$	42AD
		_set_bkg_palette	42B9
		_set_sprite_palette	42E4
		_set_bkg_palette_entry	430F
		_set_sprite_palette_entry	4337
		_cpu_slow	435F
		_cpu_fast	437A
		_cgb_compatibility	4381
		.set_sprite_prop	43CA
		_set_sprite_prop	43D7
		_scroll_bkg	43E2
		__divschar	43F8
		__modschar	4404
		__divsint	440F
		__modsint	4420
		__divuchar	442F
		__moduchar	443B
		__divuint	4446
		__moduint	4457
		.mod8	4466
		.div8	4466
		.mod16	446E
		.div16	446E
		.modu8	44A4
		.divu8	44A4
		.modu16	44A7
		.divu16	44A7
		_move_win	44E4
		.padup	44ED
		_waitpadup	44ED
		.jpad	44FD
		.wait_pad	452A
		_joypad	4531
		_waitpad	4536
		.mv_sprite	4540
		_move_sprite	454F
		_get_win_tiles	455C
		__mulschar	4570
		__muluchar	4570
		__mulsint	457C
		__muluint	457C
		.mulu16	4590
		.mul16	4590
		_get_win_data	45A6
		_get_bkg_data	45A6
		_get_sprite_data	45F3
		_set_win_data	4623
		_set_bkg_data	4623
		_set_sprite_data	4670
		_send_byte	469F
		_receive_byte	46B2
		.copy_vram	46C3
		_get_data	46D2
		_set_data	46D2
		_set_win_tiles	46E5
		_scroll_win	46F9
		.get_xy_wtt	470F
		.get_xy_btt	4721
		.get_xy_tt	4730
		_get_tiles	4761
		.get_sprite_tile	477A
		_get_sprite_tile	4787
		.scroll_sprite	4790
		_scroll_sprite	47A1
		_move_bkg	47AE
		.set_xy_wtt	47B7
		.set_xy_btt	47C8
		.set_xy_tt	47D7
		_set_tiles	4808
		.set_sprite_tile	4821
		_set_sprite_tile	482E
		.delay	4839
		_delay	4873
		_get_bkg_tiles	487C
		.get_sprite_prop	4890
		_get_sprite_prop	489D
		.sgb_check	48A6
		_sgb_check	48A6
		.sgb_transfer	48F3
		.hiramcpy	4954
		_hiramcpy	495B
		_set_bkg_tiles	496B
AREA _HEADER
	RADIX HEX
	BASE 0000
	SIZE 01E1
	ATTRIB ABS OVR
	GLOBALS
		_exit	01D1
AREA _HOME
	RADIX HEX
	BASE 497F
	SIZE 0000
	ATTRIB REL CON
AREA _LIT
	RADIX HEX
	BASE 497F
	SIZE 0000
	ATTRIB REL CON
AREA _GSINIT
	RADIX HEX
	BASE 497F
	SIZE 0811
	ATTRIB REL CON
	GLOBALS
		gsinit	497F
AREA _GSINITTAIL
	RADIX HEX
	BASE 5190
	SIZE 0001
	ATTRIB REL CON
AREA _GSFINAL
	RADIX HEX
	BASE 5191
	SIZE 0000
	ATTRIB REL CON
AREA _DATA
	RADIX HEX
	BASE C0A0
	SIZE 0209
	ATTRIB REL CON
	GLOBALS
		_statusByte	C0A0
		_addressByte	C0A1
		_valueByte	C0A2
		_captureDataType	C0A3
		_capturedAddress	C0A4
		_updateDisplaySynthCounter	C0A5
		_newNote	C0A6
		_tmp1	C0A7
		_tmp1Freq	C0A8
		_tmp2	C0AA
		_tmp2Freq	C0AB
		_newStepSize	C0AD
		_freq	C0AF
		_noteStatus	C13F
		_prevNote	C147
		_prevNoteTmp	C14B
		_noiFreq	C14C
		_pu1Env	C194
		_pu2Env	C195
		_noiEnv	C196
		_noiMode	C197
		_pu1Trig	C198
		_pu2Trig	C199
		_pu1Vel	C19A
		_pu2Vel	C19B
		_pu1NoteOffTrigger	C19C
		_pu2NoteOffTrigger	C19D
		_wavNoteOffTrigger	C19E
		_noiNoteOffTrigger	C19F
		_polyVoiceSelect	C1A0
		_polyNoteState	C1A1
		_pu1Sus	C1A4
		_pu2Sus	C1A5
		_noiSus	C1A6
		_wavSus	C1A7
		_pu1Por	C1A8
		_outputSwitch	C1A9
		_outputSwitchMute	C1AD
		_outputSwitchValue	C1B1
		_counterWavStart	C1B5
		_wavShapeLast	C1B6
		_wavDataOffset	C1B7
		_pbWheelIn	C1B8
		_pbWheelInLast	C1BC
		_pbWheelActive	C1C0
		_pbRange	C1C4
		_pbNoteRange	C1C8
		_currentFreq	C1D0
		_i	C1D2
		_x	C1D3
		_j	C1D4
		_l	C1D5
		_lastPadRead	C1D6
		_joyState	C1D7
		_wavSweepSpeed	C1DF
		_wavCurrentFreq	C1E0
		_currentFreqData	C1E2
		_currentPortFreqData	C1EA
		_pu1Oct	C1F2
		_pu2Oct	C1F3
		_wavOct	C1F4
		_noiOct	C1F5
		_counterWav	C1F6
		_cueWavSweep	C1F8
		_bkg	C1F9
		_recallMode	C20D
		_cursorEnable	C20E
		_cursorColumn	C212
		_cursorRow	C213
		_cursorBigStartX	C217
		_cursorBigStartY	C21B
		_cursorStartX	C21F
		_cursorStartY	C223
		_cursorColumnLast	C227
		_cursorRowMain	C228
		_shiftSelect	C229
		_systemIdle	C22A
		_vibratoPosition	C22B
		_vibratoSpeed	C22F
		_vibratoDepth	C233
		_vibratoSlope	C237
		_portStepSize	C23B
		_portLength	C243
		_portDelay	C24B
		_targetFreq	C24F
		_stepSize	C251
		_dataSetSnap	C253
		_dataSet	C26F
		_currentScreen	C28B
		_parameterLock	C28C
		_vibratoTimer	C2A4
		_wavStepCounter	C2A8
AREA _BSS
	RADIX HEX
	BASE C2A9
	SIZE 005B
	ATTRIB REL CON
	GLOBALS
		__cpu	C2A9
		.mode	C2AA
		__io_out	C2AB
		__io_in	C2AC
		__io_status	C2AD
		.vbl_done	C2AE
		_sys_time	C2AF
		.sys_time	C2AF
		.int_0x40	C2B1
		.int_0x48	C2C1
		.int_0x50	C2D1
		.int_0x58	C2E1
		.int_0x60	C2F1
AREA _HEAP
	RADIX HEX
	BASE C304
	SIZE 0000
	ATTRIB REL CON
	GLOBALS
		_malloc_heap_start	C304
AREA _OVERLAY
	RADIX HEX
	BASE C304
	SIZE 0000
	ATTRIB REL CON
AREA _ISEG
	RADIX HEX
	BASE C304
	SIZE 0000
	ATTRIB REL CON
AREA _BSEG
	RADIX HEX
	BASE C304
	SIZE 0000
	ATTRIB REL CON
AREA _XSEG
	RADIX HEX
	BASE C304
	SIZE 0000
	ATTRIB REL CON
AREA _DATA_0
	RADIX HEX
	BASE A000
	SIZE 0201
	ATTRIB REL CON
	GLOBALS
		_saveData	A000
AREA _SFR
	RADIX HEX
	BASE 0000
	SIZE 10000
	ATTRIB ABS OVR
	GLOBALS
		_P1_REG	FF00
		_SB_REG	FF01
		_SC_REG	FF02
		_DIV_REG	FF04
		_TIMA_REG	FF05
		_TMA_REG	FF06
		_TAC_REG	FF07
		_IF_REG	FF0F
		_NR10_REG	FF10
		_NR11_REG	FF11
		_NR12_REG	FF12
		_NR13_REG	FF13
		_NR14_REG	FF14
		_NR21_REG	FF16
		_NR22_REG	FF17
		_NR23_REG	FF18
		_NR24_REG	FF19
		_NR30_REG	FF1A
		_NR31_REG	FF1B
		_NR32_REG	FF1C
		_NR33_REG	FF1D
		_NR34_REG	FF1E
		_NR41_REG	FF20
		_NR42_REG	FF21
		_NR43_REG	FF22
		_NR44_REG	FF23
		_NR50_REG	FF24
		_NR51_REG	FF25
		_NR52_REG	FF26
		_LCDC_REG	FF40
		_STAT_REG	FF41
		_SCY_REG	FF42
		_SCX_REG	FF43
		_LY_REG	FF44
		_LYC_REG	FF45
		_DMA_REG	FF46
		_BGP_REG	FF47
		_OBP0_REG	FF48
		_OBP1_REG	FF49
		_WY_REG	FF4A
		_WX_REG	FF4B
		_KEY1_REG	FF4D
		_VBK_REG	FF4F
		_HDMA1_REG	FF51
		_HDMA2_REG	FF52
		_HDMA3_REG	FF53
		_HDMA4_REG	FF54
		_HDMA5_REG	FF55
		_RP_REG	FF56
		_BCPS_REG	FF68
		_BCPD_REG	FF69
		_OCPS_REG	FF6A
		_OCPD_REG	FF6B
		_SVBK_REG	FF70
		_IE_REG	FFFF
MODULES
	FILE C:\repo\mGB\gbdk\lib/gb/crt0.o
		NAME Runtime
	FILE mGB.o
		NAME lcc163400
	FILE mgb_save.o
		NAME lcc27080
	FILE C:\Users\greig\AppData\Local\Temp/lcc54840.o
	FILE C:\Users\greig\AppData\Local\Temp/lcc54841.o
	FILE C:\Users\greig\AppData\Local\Temp/lcc54842.o
LIBRARIES
	LIBRARY C:\repo\mGB\gbdk\lib/gb/gb.lib
		MODULE cgb.o
	LIBRARY C:\repo\mGB\gbdk\lib/gb/gb.lib
		MODULE sfr.o
	LIBRARY C:\repo\mGB\gbdk\lib/gb/gb.lib
		MODULE set_prop.o
	LIBRARY C:\repo\mGB\gbdk\lib/gb/gb.lib
		MODULE scroll_b.o
	LIBRARY C:\repo\mGB\gbdk\lib/gbz80/gbz80.lib
		MODULE div.o
	LIBRARY C:\repo\mGB\gbdk\lib/gb/gb.lib
		MODULE mv_win.o
	LIBRARY C:\repo\mGB\gbdk\lib/gb/gb.lib
		MODULE pad.o
	LIBRARY C:\repo\mGB\gbdk\lib/gb/gb.lib
		MODULE mv_spr.o
	LIBRARY C:\repo\mGB\gbdk\lib/gb/gb.lib
		MODULE get_wi_t.o
	LIBRARY C:\repo\mGB\gbdk\lib/gbz80/gbz80.lib
		MODULE mul.o
	LIBRARY C:\repo\mGB\gbdk\lib/gb/gb.lib
		MODULE get_data.o
	LIBRARY C:\repo\mGB\gbdk\lib/gb/gb.lib
		MODULE set_data.o
	LIBRARY C:\repo\mGB\gbdk\lib/gb/gb.lib
		MODULE serial.o
	LIBRARY C:\repo\mGB\gbdk\lib/gb/gb.lib
		MODULE cpy_data.o
	LIBRARY C:\repo\mGB\gbdk\lib/gb/gb.lib
		MODULE set_wi_t.o
	LIBRARY C:\repo\mGB\gbdk\lib/gb/gb.lib
		MODULE scroll_w.o
	LIBRARY C:\repo\mGB\gbdk\lib/gb/gb.lib
		MODULE get_xy_t.o
	LIBRARY C:\repo\mGB\gbdk\lib/gb/gb.lib
		MODULE get_spr.o
	LIBRARY C:\repo\mGB\gbdk\lib/gb/gb.lib
		MODULE scroll_s.o
	LIBRARY C:\repo\mGB\gbdk\lib/gb/gb.lib
		MODULE mv_bkg.o
	LIBRARY C:\repo\mGB\gbdk\lib/gb/gb.lib
		MODULE set_xy_t.o
	LIBRARY C:\repo\mGB\gbdk\lib/gb/gb.lib
		MODULE set_spr.o
	LIBRARY C:\repo\mGB\gbdk\lib/gb/gb.lib
		MODULE delay.o
	LIBRARY C:\repo\mGB\gbdk\lib/gb/gb.lib
		MODULE get_bk_t.o
	LIBRARY C:\repo\mGB\gbdk\lib/gb/gb.lib
		MODULE get_prop.o
	LIBRARY C:\repo\mGB\gbdk\lib/gb/gb.lib
		MODULE sgb.o
	LIBRARY C:\repo\mGB\gbdk\lib/gb/gb.lib
		MODULE hiramcpy.o
	LIBRARY C:\repo\mGB\gbdk\lib/gb/gb.lib
		MODULE set_bk_t.o
USERBASEDEF
	_CODE=0x0200
	_DATA=0xC0A0
	_CODE_1=0x4000
	_CODE_2=0x4000
	_CODE_3=0x4000
	_DATA_0=0xA000
	_DATA_1=0xA000
	_DATA_2=0xA000
	_DATA_3=0xA000
USERGLOBALDEF
	.OAM=0xC000
	.STACK=0xE000
	.refresh_OAM=0xFF80
	.init=0x0000

?ASlink-Warning-Undefined Global _serialBufferPosition referenced by module lcc163400

?ASlink-Warning-Undefined Global _serialBufferPosition referenced by module 

?ASlink-Warning-Undefined Global _serialBuffer referenced by module lcc163400

?ASlink-Warning-Undefined Global _serialBuffer referenced by module 

?ASlink-Warning-Undefined Global _asmUpdateSerial referenced by module lcc163400

?ASlink-Warning-Undefined Global _serialBufferReadPosition referenced by module lcc163400

?ASlink-Warning-Undefined Global _serialBufferReadPosition referenced by module 
